   Compiling proc-macro2 v1.0.106
   Compiling unicode-ident v1.0.24
   Compiling quote v1.0.45
   Compiling cfg-if v1.0.4
   Compiling windows-link v0.2.1
   Compiling pin-project-lite v0.2.17
   Compiling smallvec v1.15.1
   Compiling futures-core v0.3.32
   Compiling windows-sys v0.61.2
   Compiling typenum v1.19.0
   Compiling version_check v0.9.5
   Compiling parking_lot_core v0.9.12
   Compiling scopeguard v1.2.0
   Compiling lock_api v0.4.14
   Compiling bytes v1.11.1
   Compiling futures-sink v0.3.32
   Compiling generic-array v0.14.7
   Compiling stable_deref_trait v1.2.1
   Compiling getrandom v0.2.17
   Compiling itoa v1.0.17
   Compiling parking_lot v0.12.5
   Compiling rand_core v0.6.4
   Compiling futures-io v0.3.32
   Compiling slab v0.4.12
   Compiling futures-channel v0.3.32
   Compiling memchr v2.8.0
   Compiling syn v2.0.117
   Compiling futures-task v0.3.32
   Compiling atomic-waker v1.1.2
   Compiling equivalent v1.0.2
   Compiling once_cell v1.21.3
   Compiling crossbeam-utils v0.8.21
   Compiling http v1.4.0
   Compiling tracing-core v0.1.36
   Compiling crypto-common v0.1.7
   Compiling serde_core v1.0.228
   Compiling writeable v0.6.2
   Compiling litemap v0.8.1
   Compiling windows_x86_64_msvc v0.52.6
   Compiling icu_properties_data v2.1.2
   Compiling rustversion v1.0.22
   Compiling icu_normalizer_data v2.1.1
   Compiling cpufeatures v0.2.17
   Compiling http-body v1.0.1
   Compiling concurrent-queue v2.5.0
   Compiling semver v1.0.27
   Compiling libc v0.2.183
   Compiling httparse v1.10.1
   Compiling hashbrown v0.16.1
   Compiling parking v2.2.1
   Compiling subtle v2.6.1
   Compiling serde v1.0.228
   Compiling percent-encoding v2.3.2
   Compiling event-listener v5.4.1
   Compiling rustc_version v0.4.1
   Compiling indexmap v2.13.0
   Compiling block-buffer v0.10.4
   Compiling strsim v0.11.1
   Compiling try-lock v0.2.5
   Compiling tower-service v0.3.3
   Compiling log v0.4.29
   Compiling ident_case v1.0.1
   Compiling winapi v0.3.9
   Compiling native-tls v0.2.18
   Compiling fnv v1.0.7
   Compiling want v0.3.1
   Compiling digest v0.10.7
   Compiling curve25519-dalek v4.1.3
   Compiling windows-targets v0.52.6
   Compiling event-listener-strategy v0.5.4
   Compiling windows-strings v0.5.1
   Compiling windows-result v0.4.1
   Compiling synstructure v0.13.2
   Compiling darling_core v0.23.0
   Compiling zmij v1.0.21
   Compiling pin-utils v0.1.0
   Compiling ryu v1.0.23
   Compiling fastrand v2.3.0
   Compiling bitflags v2.11.0
   Compiling thiserror v2.0.18
   Compiling piper v0.2.5
   Compiling windows-registry v0.6.1
   Compiling async-channel v2.5.0
   Compiling windows-sys v0.59.0
   Compiling form_urlencoded v1.2.2
   Compiling inout v0.1.4
   Compiling futures-lite v2.6.1
   Compiling sync_wrapper v1.0.2
   Compiling either v1.15.0
   Compiling tower-layer v0.3.3
   Compiling async-task v4.7.1
   Compiling allocator-api2 v0.2.21
   Compiling regex-syntax v0.8.10
   Compiling ipnet v2.12.0
   Compiling serde_json v1.0.149
   Compiling utf8_iter v1.0.4
   Compiling zerofrom-derive v0.1.6
   Compiling yoke-derive v0.8.1
   Compiling zerovec-derive v0.11.2
   Compiling mio v1.1.1
   Compiling socket2 v0.6.3
   Compiling displaydoc v0.2.5
   Compiling tokio-macros v2.6.1
   Compiling futures-macro v0.3.32
   Compiling zerofrom v0.1.6
   Compiling yoke v0.8.1
   Compiling zeroize_derive v1.4.3
   Compiling tracing-attributes v0.1.31
   Compiling serde_derive v1.0.228
   Compiling schannel v0.1.29
   Compiling zerovec v0.11.5
   Compiling tokio v1.50.0
   Compiling futures-util v0.3.32
   Compiling zeroize v1.8.2
   Compiling zerotrie v0.2.3
   Compiling tinystr v0.8.2
   Compiling potential_utf v0.1.4
   Compiling icu_locale_core v2.1.1
   Compiling icu_collections v2.1.1
   Compiling tracing v0.1.44
   Compiling darling_macro v0.23.0
   Compiling curve25519-dalek-derive v0.1.1
   Compiling thiserror-impl v2.0.18
   Compiling icu_provider v2.1.1
   Compiling c2rust-bitfields-derive v0.21.0
   Compiling icu_normalizer v2.1.1
   Compiling icu_properties v2.1.2
   Compiling instability v0.3.11
   Compiling heck v0.5.0
   Compiling base64 v0.22.1
   Compiling foldhash v0.1.5
   Compiling paste v1.0.15
   Compiling futures-executor v0.3.32
   Compiling futures v0.3.32
   Compiling hashbrown v0.15.5
   Compiling idna_adapter v1.2.1
   Compiling strum_macros v0.26.4
   Compiling idna v1.1.0
   Compiling c2rust-bitfields v0.21.0
   Compiling darling v0.23.0
   Compiling cipher v0.4.4
   Compiling winreg v0.55.0
   Compiling regex-automata v0.4.14
   Compiling crossterm_winapi v0.9.1
   Compiling blocking v1.6.2
   Compiling tokio-util v0.7.18
   Compiling tokio-native-tls v0.3.1
   Compiling tower v0.5.3
   Compiling itertools v0.13.0
   Compiling h2 v0.4.13
   Compiling castaway v0.2.4
   Compiling universal-hash v0.5.1
   Compiling http-body-util v0.1.3
   Compiling libloading v0.9.0
   Compiling unicode-width v0.1.14
   Compiling signature v2.2.0
   Compiling unicode-segmentation v1.12.0
   Compiling lazy_static v1.5.0
   Compiling static_assertions v1.1.0
   Compiling iri-string v0.7.10
   Compiling anyhow v1.0.102
   Compiling opaque-debug v0.3.1
   Compiling indoc v2.0.7
   Compiling thiserror v1.0.69
   Compiling unicode-truncate v1.1.0
   Compiling poly1305 v0.8.0
   Compiling matchers v0.2.0
   Compiling compact_str v0.8.1
   Compiling sharded-slab v0.1.7
   Compiling ed25519 v2.2.3
   Compiling wintun-bindings v0.7.34
   Compiling strum v0.26.3
   Compiling crossterm v0.28.1
   Compiling chacha20 v0.9.1
   Compiling tower-http v0.6.8
   Compiling hyper v1.8.1
   Compiling lru v0.12.5
   Compiling serde_urlencoded v0.7.1
   Compiling url v2.5.8
   Compiling rustls-pki-types v1.14.0
   Compiling hyper-util v0.1.20
   Compiling nu-ansi-term v0.50.3
   Compiling thiserror-impl v1.0.69
   Compiling sha2 v0.10.9
   Compiling tracing-log v0.2.0
   Compiling aead v0.5.2
   Compiling thread_local v1.1.9
   Compiling encoding_rs v0.8.35
   Compiling mime v0.3.17
   Compiling hyper-tls v0.6.0
   Compiling cassowary v0.3.0
   Compiling tun v0.8.6
   Compiling tracing-subscriber v0.3.22
   Compiling chacha20poly1305 v0.10.1
   Compiling ratatui v0.28.1
   Compiling ed25519-dalek v2.2.0
   Compiling x25519-dalek v2.0.1
   Compiling bincode v1.3.3
   Compiling serde-big-array v0.5.1
   Compiling reqwest v0.12.28
   Compiling bs58 v0.5.1
   Compiling ipv7-core v0.1.0 (C:\Users\Frondabrick\Desktop\Programados\antigravity\ipv7\ipv7-core)
warning: unused import: `Backend`
  --> src\ui\dashboard.rs:10:15
   |
10 |     backend::{Backend, CrosstermBackend},
   |               ^^^^^^^
   |
   = note: `#[warn(unused_imports)]` (part of `#[warn(unused)]`) on by default

warning: `ipv7-core` (bin "ipv7-core") generated 1 warning
    Finished `release` profile [optimized] target(s) in 5m 23s
